// Jest Snapshot v1, https://goo.gl/fbAQLP

exports[`Answer Input Component Renders expected html mark-up 1`] = `
<div>
  <div
    className="equation"
  >
    <div>
      1
    </div>
    <div>
      +
    </div>
    <div>
      2
    </div>
    <div>
      =
    </div>
    <div>
      <input
        onChange={[Function]}
        type="text"
      />
    </div>
  </div>
</div>
`;
